0 info it worked if it ends with ok
1 verbose cli [ '/usr/bin/node',
1 verbose cli   '/usr/bin/npm',
1 verbose cli   'i',
1 verbose cli   '@marp-team/marp-cli',
1 verbose cli   '@marp-team/marp-core@^4.0.0',
1 verbose cli   '--save-dev' ]
2 info using npm@3.5.2
3 info using node@v8.10.0
4 silly loadCurrentTree Starting
5 silly install loadCurrentTree
6 silly install readLocalPackageData
7 silly fetchPackageMetaData @marp-team/marp-cli
8 silly fetchPackageMetaData @marp-team/marp-core@^4.0.0
9 silly fetchNamedPackageData @marp-team/marp-core
10 silly mapToRegistry name @marp-team/marp-core
11 silly mapToRegistry scope (from package name) @marp-team
12 verbose mapToRegistry no registry URL found in name for scope @marp-team
13 silly mapToRegistry using default registry
14 silly mapToRegistry registry https://registry.npmjs.org/
15 silly mapToRegistry uri https://registry.npmjs.org/@marp-team%2fmarp-core
16 silly fetchNamedPackageData @marp-team/marp-cli
17 silly mapToRegistry name @marp-team/marp-cli
18 silly mapToRegistry scope (from package name) @marp-team
19 verbose mapToRegistry no registry URL found in name for scope @marp-team
20 silly mapToRegistry using default registry
21 silly mapToRegistry registry https://registry.npmjs.org/
22 silly mapToRegistry uri https://registry.npmjs.org/@marp-team%2fmarp-cli
23 verbose request uri https://registry.npmjs.org/@marp-team%2fmarp-core
24 verbose request no auth needed
25 info attempt registry request try #1 at 下午9:18:08
26 verbose request id 186cbe89744c2196
27 http request GET https://registry.npmjs.org/@marp-team%2fmarp-core
28 verbose request uri https://registry.npmjs.org/@marp-team%2fmarp-cli
29 verbose request no auth needed
30 info attempt registry request try #1 at 下午9:18:08
31 http request GET https://registry.npmjs.org/@marp-team%2fmarp-cli
32 http 200 https://registry.npmjs.org/@marp-team%2fmarp-core
33 verbose headers { date: 'Wed, 28 May 2025 12:40:51 GMT',
33 verbose headers   'content-type': 'application/json',
33 verbose headers   'transfer-encoding': 'chunked',
33 verbose headers   connection: 'keep-alive',
33 verbose headers   'cf-ray': '946dd2a2aa91808c-TPE',
33 verbose headers   'cf-cache-status': 'REVALIDATED',
33 verbose headers   'access-control-allow-origin': '*',
33 verbose headers   'cache-control': 'public, max-age=300',
33 verbose headers   etag: 'W/"ed2ed519961db93b185c62fb2e1e995c"',
33 verbose headers   'last-modified': 'Fri, 16 May 2025 11:04:48 GMT',
33 verbose headers   vary: 'accept-encoding, accept',
33 verbose headers   'set-cookie':
33 verbose headers    [ '_cfuvid=S2QfAIXnQkngJXr7Pyn6_c0C4HmCnZ6vGfV5j9GGmR4-1748436051787-0.0.1.1-604800000; path=/; domain=.npmjs.org; HttpOnly; Secure; SameSite=None' ],
33 verbose headers   server: 'cloudflare',
33 verbose headers   'content-encoding': 'gzip' }
34 silly get cb [ 200,
34 silly get   { date: 'Wed, 28 May 2025 12:40:51 GMT',
34 silly get     'content-type': 'application/json',
34 silly get     'transfer-encoding': 'chunked',
34 silly get     connection: 'keep-alive',
34 silly get     'cf-ray': '946dd2a2aa91808c-TPE',
34 silly get     'cf-cache-status': 'REVALIDATED',
34 silly get     'access-control-allow-origin': '*',
34 silly get     'cache-control': 'public, max-age=300',
34 silly get     etag: 'W/"ed2ed519961db93b185c62fb2e1e995c"',
34 silly get     'last-modified': 'Fri, 16 May 2025 11:04:48 GMT',
34 silly get     vary: 'accept-encoding, accept',
34 silly get     'set-cookie':
34 silly get      [ '_cfuvid=S2QfAIXnQkngJXr7Pyn6_c0C4HmCnZ6vGfV5j9GGmR4-1748436051787-0.0.1.1-604800000; path=/; domain=.npmjs.org; HttpOnly; Secure; SameSite=None' ],
34 silly get     server: 'cloudflare',
34 silly get     'content-encoding': 'gzip' } ]
35 verbose get saving @marp-team/marp-core to /home/s1111032045/.npm/registry.npmjs.org/_40marp-team_252fmarp-core/.cache.json
36 verbose makeDirectory /home/s1111032045/.npm creation not in flight; initializing
37 silly makeDirectory /home/s1111032045/.npm uid: 1019 gid: 130
38 http 200 https://registry.npmjs.org/@marp-team%2fmarp-cli
39 verbose headers { date: 'Wed, 28 May 2025 12:40:51 GMT',
39 verbose headers   'content-type': 'application/json',
39 verbose headers   'transfer-encoding': 'chunked',
39 verbose headers   connection: 'keep-alive',
39 verbose headers   'cf-ray': '946dd2a2a8e5843c-TPE',
39 verbose headers   'cf-cache-status': 'REVALIDATED',
39 verbose headers   'access-control-allow-origin': '*',
39 verbose headers   'cache-control': 'public, max-age=300',
39 verbose headers   etag: 'W/"1143da27171f64c22408a8f6fb51e23b"',
39 verbose headers   'last-modified': 'Fri, 21 Feb 2025 22:11:22 GMT',
39 verbose headers   vary: 'accept-encoding, accept',
39 verbose headers   'set-cookie':
39 verbose headers    [ '_cfuvid=Ey2HYSxfNClvSLxj_bFw5Y9uMhx5k44AuI3kFfYp_ZY-1748436051799-0.0.1.1-604800000; path=/; domain=.npmjs.org; HttpOnly; Secure; SameSite=None' ],
39 verbose headers   server: 'cloudflare',
39 verbose headers   'content-encoding': 'gzip' }
40 silly get cb [ 200,
40 silly get   { date: 'Wed, 28 May 2025 12:40:51 GMT',
40 silly get     'content-type': 'application/json',
40 silly get     'transfer-encoding': 'chunked',
40 silly get     connection: 'keep-alive',
40 silly get     'cf-ray': '946dd2a2a8e5843c-TPE',
40 silly get     'cf-cache-status': 'REVALIDATED',
40 silly get     'access-control-allow-origin': '*',
40 silly get     'cache-control': 'public, max-age=300',
40 silly get     etag: 'W/"1143da27171f64c22408a8f6fb51e23b"',
40 silly get     'last-modified': 'Fri, 21 Feb 2025 22:11:22 GMT',
40 silly get     vary: 'accept-encoding, accept',
40 silly get     'set-cookie':
40 silly get      [ '_cfuvid=Ey2HYSxfNClvSLxj_bFw5Y9uMhx5k44AuI3kFfYp_ZY-1748436051799-0.0.1.1-604800000; path=/; domain=.npmjs.org; HttpOnly; Secure; SameSite=None' ],
40 silly get     server: 'cloudflare',
40 silly get     'content-encoding': 'gzip' } ]
41 verbose get saving @marp-team/marp-cli to /home/s1111032045/.npm/registry.npmjs.org/_40marp-team_252fmarp-cli/.cache.json
42 silly install normalizeTree
43 silly loadCurrentTree Finishing
44 silly loadIdealTree Starting
45 silly install loadIdealTree
46 silly cloneCurrentTree Starting
47 silly install cloneCurrentTreeToIdealTree
48 silly cloneCurrentTree Finishing
49 silly loadShrinkwrap Starting
50 silly install loadShrinkwrap
51 silly loadShrinkwrap Finishing
52 silly loadAllDepsIntoIdealTree Starting
53 silly install loadAllDepsIntoIdealTree
54 silly resolveWithNewModule @marp-team/marp-core@4.1.0 checking installable status
55 silly cache add args [ '@marp-team/marp-core@^4.0.0', null ]
56 verbose cache add spec @marp-team/marp-core@^4.0.0
57 silly resolveWithNewModule @marp-team/marp-cli@4.1.2 checking installable status
58 silly cache add args [ '@marp-team/marp-cli', null ]
59 verbose cache add spec @marp-team/marp-cli
60 silly cache add parsed spec Result {
60 silly cache add   raw: '@marp-team/marp-core@^4.0.0',
60 silly cache add   scope: '@marp-team',
60 silly cache add   name: '@marp-team/marp-core',
60 silly cache add   rawSpec: '^4.0.0',
60 silly cache add   spec: '>=4.0.0 <5.0.0',
60 silly cache add   type: 'range' }
61 silly addNamed @marp-team/marp-core@>=4.0.0 <5.0.0
62 verbose addNamed ">=4.0.0 <5.0.0" is a valid semver range for @marp-team/marp-core
63 silly addNameRange { name: '@marp-team/marp-core',
63 silly addNameRange   range: '>=4.0.0 <5.0.0',
63 silly addNameRange   hasData: false }
64 silly mapToRegistry name @marp-team/marp-core
65 silly mapToRegistry scope (from package name) @marp-team
66 verbose mapToRegistry no registry URL found in name for scope @marp-team
67 silly mapToRegistry using default registry
68 silly mapToRegistry registry https://registry.npmjs.org/
69 silly mapToRegistry uri https://registry.npmjs.org/@marp-team%2fmarp-core
70 verbose addNameRange registry:https://registry.npmjs.org/@marp-team%2fmarp-core not in flight; fetching
71 silly cache add parsed spec Result {
71 silly cache add   raw: '@marp-team/marp-cli',
71 silly cache add   scope: '@marp-team',
71 silly cache add   name: '@marp-team/marp-cli',
71 silly cache add   rawSpec: '',
71 silly cache add   spec: 'latest',
71 silly cache add   type: 'tag' }
72 silly addNamed @marp-team/marp-cli@latest
73 verbose addNamed "latest" is being treated as a dist-tag for @marp-team/marp-cli
74 info addNameTag [ '@marp-team/marp-cli', 'latest' ]
75 silly mapToRegistry name @marp-team/marp-cli
76 silly mapToRegistry scope (from package name) @marp-team
77 verbose mapToRegistry no registry URL found in name for scope @marp-team
78 silly mapToRegistry using default registry
79 silly mapToRegistry registry https://registry.npmjs.org/
80 silly mapToRegistry uri https://registry.npmjs.org/@marp-team%2fmarp-cli
81 verbose addNameTag registry:https://registry.npmjs.org/@marp-team%2fmarp-cli not in flight; fetching
82 verbose get https://registry.npmjs.org/@marp-team%2fmarp-core not expired, no request
83 silly addNameRange number 2 { name: '@marp-team/marp-core',
83 silly addNameRange   range: '>=4.0.0 <5.0.0',
83 silly addNameRange   hasData: true }
84 silly addNameRange versions [ '@marp-team/marp-core',
84 silly addNameRange   [ '0.0.1',
84 silly addNameRange     '0.0.2',
84 silly addNameRange     '0.0.3',
84 silly addNameRange     '0.0.4',
84 silly addNameRange     '0.0.5',
84 silly addNameRange     '0.0.6',
84 silly addNameRange     '0.0.7',
84 silly addNameRange     '0.0.8',
84 silly addNameRange     '0.0.9',
84 silly addNameRange     '0.0.10',
84 silly addNameRange     '0.0.11',
84 silly addNameRange     '0.0.12',
84 silly addNameRange     '0.1.0',
84 silly addNameRange     '0.2.0',
84 silly addNameRange     '0.2.1',
84 silly addNameRange     '0.3.0',
84 silly addNameRange     '0.3.1',
84 silly addNameRange     '0.4.0',
84 silly addNameRange     '0.4.1',
84 silly addNameRange     '0.5.0',
84 silly addNameRange     '0.5.1',
84 silly addNameRange     '0.5.2',
84 silly addNameRange     '0.6.0',
84 silly addNameRange     '0.6.1',
84 silly addNameRange     '0.6.2',
84 silly addNameRange     '0.7.0',
84 silly addNameRange     '0.7.1',
84 silly addNameRange     '0.8.0',
84 silly addNameRange     '0.9.0',
84 silly addNameRange     '0.10.0',
84 silly addNameRange     '0.10.1',
84 silly addNameRange     '0.10.2',
84 silly addNameRange     '0.11.0',
84 silly addNameRange     '0.12.0',
84 silly addNameRange     '0.12.1',
84 silly addNameRange     '0.13.0',
84 silly addNameRange     '0.13.1',
84 silly addNameRange     '0.14.0',
84 silly addNameRange     '0.15.0',
84 silly addNameRange     '0.15.1',
84 silly addNameRange     '0.15.2',
84 silly addNameRange     '1.0.0',
84 silly addNameRange     '1.0.1',
84 silly addNameRange     '1.1.0',
84 silly addNameRange     '1.1.1',
84 silly addNameRange     '1.2.0',
84 silly addNameRange     '1.2.1',
84 silly addNameRange     '1.2.2',
84 silly addNameRange     '1.3.0',
84 silly addNameRange     '1.4.0',
84 silly addNameRange     '1.4.1',
84 silly addNameRange     '1.4.2',
84 silly addNameRange     '1.4.3',
84 silly addNameRange     '1.5.0',
84 silly addNameRange     '2.0.0',
84 silly addNameRange     '2.0.1',
84 silly addNameRange     '2.0.2',
84 silly addNameRange     '2.0.3',
84 silly addNameRange     '2.1.0',
84 silly addNameRange     '2.1.1',
84 silly addNameRange     '2.2.0',
84 silly addNameRange     '2.3.0',
84 silly addNameRange     '3.0.0',
84 silly addNameRange     '3.0.1',
84 silly addNameRange     '2.3.1',
84 silly addNameRange     '3.0.2',
84 silly addNameRange     '2.3.2',
84 silly addNameRange     '3.1.0',
84 silly addNameRange     '2.4.0',
84 silly addNameRange     '3.1.1',
84 silly addNameRange     '2.4.1',
84 silly addNameRange     '3.1.2',
84 silly addNameRange     '2.4.2',
84 silly addNameRange     '3.2.0',
84 silly addNameRange     '3.2.1',
84 silly addNameRange     '3.3.0',
84 silly addNameRange     '3.3.1',
84 silly addNameRange     '3.3.2',
84 silly addNameRange     '3.3.3',
84 silly addNameRange     '3.4.0',
84 silly addNameRange     '3.4.1',
84 silly addNameRange     '3.4.2',
84 silly addNameRange     '3.5.0',
84 silly addNameRange     '3.6.0',
84 silly addNameRange     '3.7.0',
84 silly addNameRange     '3.8.0',
84 silly addNameRange     '3.8.1',
84 silly addNameRange     '3.9.0',
84 silly addNameRange     '4.0.0',
84 silly addNameRange     '4.0.1',
84 silly addNameRange     '3.9.1',
84 silly addNameRange     '4.1.0' ] ]
85 silly addNamed @marp-team/marp-core@4.1.0
86 verbose addNamed "4.1.0" is a plain semver version for @marp-team/marp-core
87 silly mapToRegistry name @marp-team/marp-core
88 silly mapToRegistry scope (from package name) @marp-team
89 verbose mapToRegistry no registry URL found in name for scope @marp-team
90 silly mapToRegistry using default registry
91 silly mapToRegistry registry https://registry.npmjs.org/
92 silly mapToRegistry uri https://registry.npmjs.org/@marp-team%2fmarp-core
93 verbose addRemoteTarball https://registry.npmjs.org/@marp-team/marp-core/-/marp-core-4.1.0.tgz not in flight; adding
94 verbose addRemoteTarball [ 'https://registry.npmjs.org/@marp-team/marp-core/-/marp-core-4.1.0.tgz',
94 verbose addRemoteTarball   '5e810611033f9c5ec72aa208e89584c72388cf80' ]
95 verbose get https://registry.npmjs.org/@marp-team%2fmarp-cli not expired, no request
96 silly addNameTag next cb for @marp-team/marp-cli with tag latest
97 silly addNamed @marp-team/marp-cli@4.1.2
98 verbose addNamed "4.1.2" is a plain semver version for @marp-team/marp-cli
99 silly mapToRegistry name @marp-team/marp-cli
100 silly mapToRegistry scope (from package name) @marp-team
101 verbose mapToRegistry no registry URL found in name for scope @marp-team
102 silly mapToRegistry using default registry
103 silly mapToRegistry registry https://registry.npmjs.org/
104 silly mapToRegistry uri https://registry.npmjs.org/@marp-team%2fmarp-cli
105 verbose addRemoteTarball https://registry.npmjs.org/@marp-team/marp-cli/-/marp-cli-4.1.2.tgz not in flight; adding
106 verbose addRemoteTarball [ 'https://registry.npmjs.org/@marp-team/marp-cli/-/marp-cli-4.1.2.tgz',
106 verbose addRemoteTarball   'd1371d61af6879b9f4aab145c5ca965c48fe30cd' ]
107 info retry fetch attempt 1 at 下午9:18:09
108 info attempt registry request try #1 at 下午9:18:09
109 http fetch GET https://registry.npmjs.org/@marp-team/marp-core/-/marp-core-4.1.0.tgz
110 info retry fetch attempt 1 at 下午9:18:09
111 info attempt registry request try #1 at 下午9:18:09
112 http fetch GET https://registry.npmjs.org/@marp-team/marp-cli/-/marp-cli-4.1.2.tgz
113 http fetch 200 https://registry.npmjs.org/@marp-team/marp-cli/-/marp-cli-4.1.2.tgz
114 http fetch 200 https://registry.npmjs.org/@marp-team/marp-core/-/marp-core-4.1.0.tgz
115 silly fetchAndShaCheck shasum 5e810611033f9c5ec72aa208e89584c72388cf80
116 verbose addTmpTarball /tmp/npm-31976-0711dfdc/registry.npmjs.org/_40marp-team/marp-core/-/marp-core-4.1.0.tgz not in flight; adding
117 verbose addTmpTarball already have metadata; skipping unpack for @marp-team/marp-core@4.1.0
118 silly cache afterAdd @marp-team/marp-core@4.1.0
119 verbose afterAdd /home/s1111032045/.npm/@marp-team/marp-core/4.1.0/package/package.json not in flight; writing
120 verbose afterAdd /home/s1111032045/.npm/@marp-team/marp-core/4.1.0/package/package.json written
121 silly fetchAndShaCheck shasum d1371d61af6879b9f4aab145c5ca965c48fe30cd
122 verbose addTmpTarball /tmp/npm-31976-0711dfdc/registry.npmjs.org/_40marp-team/marp-cli/-/marp-cli-4.1.2.tgz not in flight; adding
123 verbose addTmpTarball already have metadata; skipping unpack for @marp-team/marp-cli@4.1.2
124 silly cache afterAdd @marp-team/marp-cli@4.1.2
125 verbose afterAdd /home/s1111032045/.npm/@marp-team/marp-cli/4.1.2/package/package.json not in flight; writing
126 verbose afterAdd /home/s1111032045/.npm/@marp-team/marp-cli/4.1.2/package/package.json written
127 silly fetchNamedPackageData @marp-team/marpit
128 silly mapToRegistry name @marp-team/marpit
129 silly mapToRegistry scope (from package name) @marp-team
130 verbose mapToRegistry no registry URL found in name for scope @marp-team
131 silly mapToRegistry using default registry
132 silly mapToRegistry registry https://registry.npmjs.org/
133 silly mapToRegistry uri https://registry.npmjs.org/@marp-team%2fmarpit
134 silly fetchNamedPackageData chokidar
135 silly mapToRegistry name chokidar
136 silly mapToRegistry using default registry
137 silly mapToRegistry registry https://registry.npmjs.org/
138 silly mapToRegistry uri https://registry.npmjs.org/chokidar
139 silly fetchNamedPackageData cosmiconfig
140 silly mapToRegistry name cosmiconfig
141 silly mapToRegistry using default registry
142 silly mapToRegistry registry https://registry.npmjs.org/
143 silly mapToRegistry uri https://registry.npmjs.org/cosmiconfig
144 silly fetchNamedPackageData puppeteer-core
145 silly mapToRegistry name puppeteer-core
146 silly mapToRegistry using default registry
147 silly mapToRegistry registry https://registry.npmjs.org/
148 silly mapToRegistry uri https://registry.npmjs.org/puppeteer-core
149 silly fetchNamedPackageData serve-index
150 silly mapToRegistry name serve-index
151 silly mapToRegistry using default registry
152 silly mapToRegistry registry https://registry.npmjs.org/
153 silly mapToRegistry uri https://registry.npmjs.org/serve-index
154 silly fetchNamedPackageData tmp
155 silly mapToRegistry name tmp
156 silly mapToRegistry using default registry
157 silly mapToRegistry registry https://registry.npmjs.org/
158 silly mapToRegistry uri https://registry.npmjs.org/tmp
159 silly fetchNamedPackageData ws
160 silly mapToRegistry name ws
161 silly mapToRegistry using default registry
162 silly mapToRegistry registry https://registry.npmjs.org/
163 silly mapToRegistry uri https://registry.npmjs.org/ws
164 silly fetchNamedPackageData yargs
165 silly mapToRegistry name yargs
166 silly mapToRegistry using default registry
167 silly mapToRegistry registry https://registry.npmjs.org/
168 silly mapToRegistry uri https://registry.npmjs.org/yargs
169 verbose request uri https://registry.npmjs.org/@marp-team%2fmarpit
170 verbose request no auth needed
171 info attempt registry request try #1 at 下午9:18:10
172 http request GET https://registry.npmjs.org/@marp-team%2fmarpit
173 verbose request uri https://registry.npmjs.org/chokidar
174 verbose request no auth needed
175 info attempt registry request try #1 at 下午9:18:10
176 http request GET https://registry.npmjs.org/chokidar
177 verbose request uri https://registry.npmjs.org/cosmiconfig
178 verbose request no auth needed
179 info attempt registry request try #1 at 下午9:18:10
180 http request GET https://registry.npmjs.org/cosmiconfig
181 verbose request uri https://registry.npmjs.org/puppeteer-core
182 verbose request no auth needed
183 info attempt registry request try #1 at 下午9:18:10
184 http request GET https://registry.npmjs.org/puppeteer-core
185 verbose request uri https://registry.npmjs.org/serve-index
186 verbose request no auth needed
187 info attempt registry request try #1 at 下午9:18:10
188 http request GET https://registry.npmjs.org/serve-index
189 verbose request uri https://registry.npmjs.org/tmp
190 verbose request no auth needed
191 info attempt registry request try #1 at 下午9:18:10
192 http request GET https://registry.npmjs.org/tmp
193 verbose request uri https://registry.npmjs.org/ws
194 verbose request no auth needed
195 info attempt registry request try #1 at 下午9:18:10
196 http request GET https://registry.npmjs.org/ws
197 verbose request uri https://registry.npmjs.org/yargs
198 verbose request no auth needed
199 info attempt registry request try #1 at 下午9:18:10
200 http request GET https://registry.npmjs.org/yargs
201 http 200 https://registry.npmjs.org/serve-index
202 verbose headers { date: 'Wed, 28 May 2025 12:40:52 GMT',
202 verbose headers   'content-type': 'application/json',
202 verbose headers   'transfer-encoding': 'chunked',
202 verbose headers   connection: 'keep-alive',
202 verbose headers   'cf-ray': '946dd2b18dc64a51-TPE',
202 verbose headers   'cf-cache-status': 'HIT',
202 verbose headers   'access-control-allow-origin': '*',
202 verbose headers   age: '154',
202 verbose headers   'cache-control': 'public, max-age=300',
202 verbose headers   etag: 'W/"ad953055c0cfe008f1f681c815a1eabc"',
202 verbose headers   'last-modified': 'Thu, 30 May 2024 18:13:30 GMT',
202 verbose headers   vary: 'accept-encoding, accept',
202 verbose headers   'set-cookie':
202 verbose headers    [ '_cfuvid=BvLcrl338Qen9Olgc7ic4btY0dDdAgJhlyUkxLMBZG4-1748436052748-0.0.1.1-604800000; path=/; domain=.npmjs.org; HttpOnly; Secure; SameSite=None' ],
202 verbose headers   server: 'cloudflare',
202 verbose headers   'content-encoding': 'gzip' }
203 silly get cb [ 200,
203 silly get   { date: 'Wed, 28 May 2025 12:40:52 GMT',
203 silly get     'content-type': 'application/json',
203 silly get     'transfer-encoding': 'chunked',
203 silly get     connection: 'keep-alive',
203 silly get     'cf-ray': '946dd2b18dc64a51-TPE',
203 silly get     'cf-cache-status': 'HIT',
203 silly get     'access-control-allow-origin': '*',
203 silly get     age: '154',
203 silly get     'cache-control': 'public, max-age=300',
203 silly get     etag: 'W/"ad953055c0cfe008f1f681c815a1eabc"',
203 silly get     'last-modified': 'Thu, 30 May 2024 18:13:30 GMT',
203 silly get     vary: 'accept-encoding, accept',
203 silly get     'set-cookie':
203 silly get      [ '_cfuvid=BvLcrl338Qen9Olgc7ic4btY0dDdAgJhlyUkxLMBZG4-1748436052748-0.0.1.1-604800000; path=/; domain=.npmjs.org; HttpOnly; Secure; SameSite=None' ],
203 silly get     server: 'cloudflare',
203 silly get     'content-encoding': 'gzip' } ]
204 verbose get saving serve-index to /home/s1111032045/.npm/registry.npmjs.org/serve-index/.cache.json
205 silly resolveWithNewModule serve-index@1.9.1 checking installable status
206 silly cache add args [ 'serve-index@^1.9.1', null ]
207 verbose cache add spec serve-index@^1.9.1
208 silly cache add parsed spec Result {
208 silly cache add   raw: 'serve-index@^1.9.1',
208 silly cache add   scope: null,
208 silly cache add   name: 'serve-index',
208 silly cache add   rawSpec: '^1.9.1',
208 silly cache add   spec: '>=1.9.1 <2.0.0',
208 silly cache add   type: 'range' }
209 silly addNamed serve-index@>=1.9.1 <2.0.0
210 verbose addNamed ">=1.9.1 <2.0.0" is a valid semver range for serve-index
211 silly addNameRange { name: 'serve-index', range: '>=1.9.1 <2.0.0', hasData: false }
212 silly mapToRegistry name serve-index
213 silly mapToRegistry using default registry
214 silly mapToRegistry registry https://registry.npmjs.org/
215 silly mapToRegistry uri https://registry.npmjs.org/serve-index
216 verbose addNameRange registry:https://registry.npmjs.org/serve-index not in flight; fetching
217 http 200 https://registry.npmjs.org/tmp
218 verbose headers { date: 'Wed, 28 May 2025 12:40:52 GMT',
218 verbose headers   'content-type': 'application/json',
218 verbose headers   'transfer-encoding': 'chunked',
218 verbose headers   connection: 'keep-alive',
218 verbose headers   'cf-ray': '946dd2b18cac6a8c-TPE',
218 verbose headers   'cf-cache-status': 'HIT',
218 verbose headers   'access-control-allow-origin': '*',
218 verbose headers   age: '72',
218 verbose headers   'cache-control': 'public, max-age=300',
218 verbose headers   etag: 'W/"720db2a839008b060705d6a90830ea15"',
218 verbose headers   'last-modified': 'Thu, 29 Feb 2024 02:46:20 GMT',
218 verbose headers   vary: 'accept-encoding, accept',
218 verbose headers   'set-cookie':
218 verbose headers    [ '_cfuvid=BvLcrl338Qen9Olgc7ic4btY0dDdAgJhlyUkxLMBZG4-1748436052748-0.0.1.1-604800000; path=/; domain=.npmjs.org; HttpOnly; Secure; SameSite=None' ],
218 verbose headers   server: 'cloudflare',
218 verbose headers   'content-encoding': 'gzip' }
219 silly get cb [ 200,
219 silly get   { date: 'Wed, 28 May 2025 12:40:52 GMT',
219 silly get     'content-type': 'application/json',
219 silly get     'transfer-encoding': 'chunked',
219 silly get     connection: 'keep-alive',
219 silly get     'cf-ray': '946dd2b18cac6a8c-TPE',
219 silly get     'cf-cache-status': 'HIT',
219 silly get     'access-control-allow-origin': '*',
219 silly get     age: '72',
219 silly get     'cache-control': 'public, max-age=300',
219 silly get     etag: 'W/"720db2a839008b060705d6a90830ea15"',
219 silly get     'last-modified': 'Thu, 29 Feb 2024 02:46:20 GMT',
219 silly get     vary: 'accept-encoding, accept',
219 silly get     'set-cookie':
219 silly get      [ '_cfuvid=BvLcrl338Qen9Olgc7ic4btY0dDdAgJhlyUkxLMBZG4-1748436052748-0.0.1.1-604800000; path=/; domain=.npmjs.org; HttpOnly; Secure; SameSite=None' ],
219 silly get     server: 'cloudflare',
219 silly get     'content-encoding': 'gzip' } ]
220 verbose get saving tmp to /home/s1111032045/.npm/registry.npmjs.org/tmp/.cache.json
221 verbose get https://registry.npmjs.org/serve-index not expired, no request
222 silly addNameRange number 2 { name: 'serve-index', range: '>=1.9.1 <2.0.0', hasData: true }
223 silly addNameRange versions [ 'serve-index',
223 silly addNameRange   [ '1.0.0',
223 silly addNameRange     '1.0.1',
223 silly addNameRange     '1.0.2',
223 silly addNameRange     '1.0.3',
223 silly addNameRange     '1.1.0',
223 silly addNameRange     '1.1.1',
223 silly addNameRange     '1.1.2',
223 silly addNameRange     '1.1.3',
223 silly addNameRange     '1.1.4',
223 silly addNameRange     '1.1.5',
223 silly addNameRange     '1.1.6',
223 silly addNameRange     '1.2.0',
223 silly addNameRange     '1.2.1',
223 silly addNameRange     '1.3.0',
223 silly addNameRange     '1.3.1',
223 silly addNameRange     '1.4.0',
223 silly addNameRange     '1.4.1',
223 silly addNameRange     '1.5.0',
223 silly addNameRange     '1.5.1',
223 silly addNameRange     '1.5.2',
223 silly addNameRange     '1.5.3',
223 silly addNameRange     '1.6.0',
223 silly addNameRange     '1.6.1',
223 silly addNameRange     '1.6.2',
223 silly addNameRange     '1.6.3',
223 silly addNameRange     '1.6.4',
223 silly addNameRange     '1.7.0',
223 silly addNameRange     '1.7.1',
223 silly addNameRange     '1.7.2',
223 silly addNameRange     '1.7.3',
223 silly addNameRange     '1.8.0',
223 silly addNameRange     '1.9.0',
223 silly addNameRange     '1.9.1' ] ]
224 silly addNamed serve-index@1.9.1
225 verbose addNamed "1.9.1" is a plain semver version for serve-index
226 silly mapToRegistry name serve-index
227 silly mapToRegistry using default registry
228 silly mapToRegistry registry https://registry.npmjs.org/
229 silly mapToRegistry uri https://registry.npmjs.org/serve-index
230 verbose addRemoteTarball https://registry.npmjs.org/serve-index/-/serve-index-1.9.1.tgz not in flight; adding
231 verbose addRemoteTarball [ 'https://registry.npmjs.org/serve-index/-/serve-index-1.9.1.tgz',
231 verbose addRemoteTarball   'd3768d69b1e7d82e5ce050fff5b453bea12a9239' ]
232 info retry fetch attempt 1 at 下午9:18:10
233 info attempt registry request try #1 at 下午9:18:10
234 http fetch GET https://registry.npmjs.org/serve-index/-/serve-index-1.9.1.tgz
235 silly resolveWithNewModule tmp@0.2.3 checking installable status
236 silly cache add args [ 'tmp@^0.2.3', null ]
237 verbose cache add spec tmp@^0.2.3
238 silly cache add parsed spec Result {
238 silly cache add   raw: 'tmp@^0.2.3',
238 silly cache add   scope: null,
238 silly cache add   name: 'tmp',
238 silly cache add   rawSpec: '^0.2.3',
238 silly cache add   spec: '>=0.2.3 <0.3.0',
238 silly cache add   type: 'range' }
239 silly addNamed tmp@>=0.2.3 <0.3.0
240 verbose addNamed ">=0.2.3 <0.3.0" is a valid semver range for tmp
241 silly addNameRange { name: 'tmp', range: '>=0.2.3 <0.3.0', hasData: false }
242 silly mapToRegistry name tmp
243 silly mapToRegistry using default registry
244 silly mapToRegistry registry https://registry.npmjs.org/
245 silly mapToRegistry uri https://registry.npmjs.org/tmp
246 verbose addNameRange registry:https://registry.npmjs.org/tmp not in flight; fetching
247 verbose get https://registry.npmjs.org/tmp not expired, no request
248 silly addNameRange number 2 { name: 'tmp', range: '>=0.2.3 <0.3.0', hasData: true }
249 silly addNameRange versions [ 'tmp',
249 silly addNameRange   [ '0.0.1',
249 silly addNameRange     '0.0.2',
249 silly addNameRange     '0.0.3',
249 silly addNameRange     '0.0.4',
249 silly addNameRange     '0.0.5',
249 silly addNameRange     '0.0.6',
249 silly addNameRange     '0.0.7',
249 silly addNameRange     '0.0.8',
249 silly addNameRange     '0.0.9',
249 silly addNameRange     '0.0.10',
249 silly addNameRange     '0.0.11',
249 silly addNameRange     '0.0.12',
249 silly addNameRange     '0.0.13',
249 silly addNameRange     '0.0.14',
249 silly addNameRange     '0.0.15',
249 silly addNameRange     '0.0.16',
249 silly addNameRange     '0.0.17',
249 silly addNameRange     '0.0.18',
249 silly addNameRange     '0.0.20',
249 silly addNameRange     '0.0.21',
249 silly addNameRange     '0.0.22',
249 silly addNameRange     '0.0.23',
249 silly addNameRange     '0.0.24',
249 silly addNameRange     '0.0.25',
249 silly addNameRange     '0.0.26',
249 silly addNameRange     '0.0.27',
249 silly addNameRange     '0.0.28',
249 silly addNameRange     '0.0.29',
249 silly addNameRange     '0.0.30',
249 silly addNameRange     '0.0.31',
249 silly addNameRange     '0.0.33',
249 silly addNameRange     '0.1.0',
249 silly addNameRange     '0.2.0',
249 silly addNameRange     '0.2.1',
249 silly addNameRange     '0.2.2',
249 silly addNameRange     '0.2.3' ] ]
250 silly addNamed tmp@0.2.3
251 verbose addNamed "0.2.3" is a plain semver version for tmp
252 silly mapToRegistry name tmp
253 silly mapToRegistry using default registry
254 silly mapToRegistry registry https://registry.npmjs.org/
255 silly mapToRegistry uri https://registry.npmjs.org/tmp
256 verbose addRemoteTarball https://registry.npmjs.org/tmp/-/tmp-0.2.3.tgz not in flight; adding
257 verbose addRemoteTarball [ 'https://registry.npmjs.org/tmp/-/tmp-0.2.3.tgz',
257 verbose addRemoteTarball   'eb783cc22bc1e8bebd0671476d46ea4eb32a79ae' ]
258 info retry fetch attempt 1 at 下午9:18:10
259 info attempt registry request try #1 at 下午9:18:10
260 http fetch GET https://registry.npmjs.org/tmp/-/tmp-0.2.3.tgz
261 http 200 https://registry.npmjs.org/chokidar
262 verbose headers { date: 'Wed, 28 May 2025 12:40:52 GMT',
262 verbose headers   'content-type': 'application/json',
262 verbose headers   'transfer-encoding': 'chunked',
262 verbose headers   connection: 'keep-alive',
262 verbose headers   'cf-ray': '946dd2b17d58843c-TPE',
262 verbose headers   'cf-cache-status': 'HIT',
262 verbose headers   'access-control-allow-origin': '*',
262 verbose headers   age: '22',
262 verbose headers   'cache-control': 'public, max-age=300',
262 verbose headers   etag: 'W/"581194d3e9f6ec4fb4f9c5995e3b12c3"',
262 verbose headers   'last-modified': 'Wed, 18 Dec 2024 22:21:36 GMT',
262 verbose headers   vary: 'accept-encoding, accept',
262 verbose headers   'set-cookie':
262 verbose headers    [ '_cfuvid=adYAzY_SfrXXsCH08t11J9K_FwDS4Sfm6V65TcGXlXw-1748436052747-0.0.1.1-604800000; path=/; domain=.npmjs.org; HttpOnly; Secure; SameSite=None' ],
262 verbose headers   server: 'cloudflare',
262 verbose headers   'content-encoding': 'gzip' }
263 silly get cb [ 200,
263 silly get   { date: 'Wed, 28 May 2025 12:40:52 GMT',
263 silly get     'content-type': 'application/json',
263 silly get     'transfer-encoding': 'chunked',
263 silly get     connection: 'keep-alive',
263 silly get     'cf-ray': '946dd2b17d58843c-TPE',
263 silly get     'cf-cache-status': 'HIT',
263 silly get     'access-control-allow-origin': '*',
263 silly get     age: '22',
263 silly get     'cache-control': 'public, max-age=300',
263 silly get     etag: 'W/"581194d3e9f6ec4fb4f9c5995e3b12c3"',
263 silly get     'last-modified': 'Wed, 18 Dec 2024 22:21:36 GMT',
263 silly get     vary: 'accept-encoding, accept',
263 silly get     'set-cookie':
263 silly get      [ '_cfuvid=adYAzY_SfrXXsCH08t11J9K_FwDS4Sfm6V65TcGXlXw-1748436052747-0.0.1.1-604800000; path=/; domain=.npmjs.org; HttpOnly; Secure; SameSite=None' ],
263 silly get     server: 'cloudflare',
263 silly get     'content-encoding': 'gzip' } ]
264 verbose get saving chokidar to /home/s1111032045/.npm/registry.npmjs.org/chokidar/.cache.json
265 silly resolveWithNewModule chokidar@4.0.3 checking installable status
266 silly cache add args [ 'chokidar@^4.0.3', null ]
267 verbose cache add spec chokidar@^4.0.3
268 silly cache add parsed spec Result {
268 silly cache add   raw: 'chokidar@^4.0.3',
268 silly cache add   scope: null,
268 silly cache add   name: 'chokidar',
268 silly cache add   rawSpec: '^4.0.3',
268 silly cache add   spec: '>=4.0.3 <5.0.0',
268 silly cache add   type: 'range' }
269 silly addNamed chokidar@>=4.0.3 <5.0.0
270 verbose addNamed ">=4.0.3 <5.0.0" is a valid semver range for chokidar
271 silly addNameRange { name: 'chokidar', range: '>=4.0.3 <5.0.0', hasData: false }
272 silly mapToRegistry name chokidar
273 silly mapToRegistry using default registry
274 silly mapToRegistry registry https://registry.npmjs.org/
275 silly mapToRegistry uri https://registry.npmjs.org/chokidar
276 verbose addNameRange registry:https://registry.npmjs.org/chokidar not in flight; fetching
277 verbose get https://registry.npmjs.org/chokidar not expired, no request
278 silly addNameRange number 2 { name: 'chokidar', range: '>=4.0.3 <5.0.0', hasData: true }
279 silly addNameRange versions [ 'chokidar',
279 silly addNameRange   [ '0.1.1',
279 silly addNameRange     '0.2.0',
279 silly addNameRange     '0.2.1',
279 silly addNameRange     '0.2.2',
279 silly addNameRange     '0.2.3',
279 silly addNameRange     '0.2.4',
279 silly addNameRange     '0.2.5',
279 silly addNameRange     '0.2.6',
279 silly addNameRange     '0.3.0',
279 silly addNameRange     '0.4.0',
279 silly addNameRange     '0.5.0',
279 silly addNameRange     '0.5.1',
279 silly addNameRange     '0.5.2',
279 silly addNameRange     '0.5.3',
279 silly addNameRange     '0.6.0',
279 silly addNameRange     '0.6.1',
279 silly addNameRange     '0.6.2',
279 silly addNameRange     '0.6.3',
279 silly addNameRange     '0.7.0',
279 silly addNameRange     '0.7.1',
279 silly addNameRange     '0.8.0',
279 silly addNameRange     '0.8.1',
279 silly addNameRange     '0.8.2',
279 silly addNameRange     '0.8.3',
279 silly addNameRange     '0.8.4',
279 silly addNameRange     '0.9.0',
279 silly addNameRange     '0.10.0',
279 silly addNameRange     '0.10.1',
279 silly addNameRange     '0.10.2',
279 silly addNameRange     '0.10.3',
279 silly addNameRange     '0.10.4',
279 silly addNameRange     '0.10.5',
279 silly addNameRange     '0.10.6',
279 silly addNameRange     '0.10.7',
279 silly addNameRange     '0.10.8',
279 silly addNameRange     '0.10.9',
279 silly addNameRange     '0.11.0',
279 silly addNameRange     '0.11.1',
279 silly addNameRange     '0.12.0',
279 silly addNameRange     '0.12.1',
279 silly addNameRange     '0.12.2',
279 silly addNameRange     '0.12.3',
279 silly addNameRange     '0.12.4',
279 silly addNameRange     '0.12.5',
279 silly addNameRange     '0.12.6',
279 silly addNameRange     '1.0.0-rc1',
279 silly addNameRange     '1.0.0-rc1.1',
279 silly addNameRange     '1.0.0-rc2',
279 silly addNameRange     '1.0.0-rc3',
279 silly addNameRange     '1.0.0-rc4',
279 silly addNameRange     '1.0.0-rc5',
279 silly addNameRange     '1.0.0',
279 silly addNameRange     '1.0.1',
279 silly addNameRange     '1.0.2',
279 silly addNameRange     '1.0.3',
279 silly addNameRange     '1.0.4',
279 silly addNameRange     '1.0.5',
279 silly addNameRange     '1.0.6',
279 silly addNameRange     '1.1.0',
279 silly addNameRange     '1.2.0',
279 silly addNameRange     '1.3.0',
279 silly addNameRange     '1.4.0',
279 silly addNameRange     '1.4.1',
279 silly addNameRange     '1.4.2',
279 silly addNameRange     '1.4.3',
279 silly addNameRange     '1.5.0',
279 silly addNameRange     '1.5.1',
279 silly addNameRange     '1.5.2',
279 silly addNameRange     '1.6.0',
279 silly addNameRange     '1.6.1',
279 silly addNameRange     '1.7.0',
279 silly addNameRange     '2.0.0',
279 silly addNameRange     '2.0.1',
279 silly addNameRange     '2.0.2',
279 silly addNameRange     '2.0.3',
279 silly addNameRange     '2.0.4',
279 silly addNameRange     '2.1.0',
279 silly addNameRange     '2.1.1',
279 silly addNameRange     '2.1.2',
279 silly addNameRange     '2.1.3',
279 silly addNameRange     '2.1.4',
279 silly addNameRange     '2.1.5',
279 silly addNameRange     '3.0.0',
279 silly addNameRange     '2.1.6',
279 silly addNameRange     '3.0.1',
279 silly addNameRange     '3.0.2',
279 silly addNameRange     '2.1.8',
279 silly addNameRange     '3.1.0',
279 silly addNameRange     '3.1.1',
279 silly addNameRange     '3.2.0',
279 silly addNameRange     '3.2.1',
279 silly addNameRange     '3.2.2',
279 silly addNameRange     '3.2.3',
279 silly addNameRange     '3.3.0',
279 silly addNameRange     '3.3.1',
279 silly addNameRange     '3.4.0',
279 silly addNameRange     '3.4.1',
279 silly addNameRange     '3.4.2',
279 silly addNameRange     '3.4.3',
279 silly addNameRange     '3.5.0',
279 silly addNameRange     ... 8 more items ] ]
280 silly addNamed chokidar@4.0.3
281 verbose addNamed "4.0.3" is a plain semver version for chokidar
282 silly mapToRegistry name chokidar
283 silly mapToRegistry using default registry
284 silly mapToRegistry registry https://registry.npmjs.org/
285 silly mapToRegistry uri https://registry.npmjs.org/chokidar
286 verbose addRemoteTarball https://registry.npmjs.org/chokidar/-/chokidar-4.0.3.tgz not in flight; adding
287 verbose addRemoteTarball [ 'https://registry.npmjs.org/chokidar/-/chokidar-4.0.3.tgz',
287 verbose addRemoteTarball   '7be37a4c03c9aee1ecfe862a4a23b2c70c205d30' ]
288 info retry fetch attempt 1 at 下午9:18:10
289 info attempt registry request try #1 at 下午9:18:10
290 http fetch GET https://registry.npmjs.org/chokidar/-/chokidar-4.0.3.tgz
291 http 200 https://registry.npmjs.org/cosmiconfig
292 verbose headers { date: 'Wed, 28 May 2025 12:40:52 GMT',
292 verbose headers   'content-type': 'application/json',
292 verbose headers   'transfer-encoding': 'chunked',
292 verbose headers   connection: 'keep-alive',
292 verbose headers   'cf-ray': '946dd2b18e768f21-TPE',
292 verbose headers   'cf-cache-status': 'HIT',
292 verbose headers   'access-control-allow-origin': '*',
292 verbose headers   age: '119',
292 verbose headers   'cache-control': 'public, max-age=300',
292 verbose headers   etag: 'W/"ef7724ede1dd80e0517ec2803e1495bd"',
292 verbose headers   'last-modified': 'Sun, 26 Nov 2023 12:36:52 GMT',
292 verbose headers   vary: 'accept-encoding, accept',
292 verbose headers   'set-cookie':
292 verbose headers    [ '_cfuvid=D0vh2DFOtMtxjVTyOoagt2cqASj7wLObgrb8m3ih_KM-1748436052754-0.0.1.1-604800000; path=/; domain=.npmjs.org; HttpOnly; Secure; SameSite=None' ],
292 verbose headers   server: 'cloudflare',
292 verbose headers   'content-encoding': 'gzip' }
293 silly get cb [ 200,
293 silly get   { date: 'Wed, 28 May 2025 12:40:52 GMT',
293 silly get     'content-type': 'application/json',
293 silly get     'transfer-encoding': 'chunked',
293 silly get     connection: 'keep-alive',
293 silly get     'cf-ray': '946dd2b18e768f21-TPE',
293 silly get     'cf-cache-status': 'HIT',
293 silly get     'access-control-allow-origin': '*',
293 silly get     age: '119',
293 silly get     'cache-control': 'public, max-age=300',
293 silly get     etag: 'W/"ef7724ede1dd80e0517ec2803e1495bd"',
293 silly get     'last-modified': 'Sun, 26 Nov 2023 12:36:52 GMT',
293 silly get     vary: 'accept-encoding, accept',
293 silly get     'set-cookie':
293 silly get      [ '_cfuvid=D0vh2DFOtMtxjVTyOoagt2cqASj7wLObgrb8m3ih_KM-1748436052754-0.0.1.1-604800000; path=/; domain=.npmjs.org; HttpOnly; Secure; SameSite=None' ],
293 silly get     server: 'cloudflare',
293 silly get     'content-encoding': 'gzip' } ]
294 verbose get saving cosmiconfig to /home/s1111032045/.npm/registry.npmjs.org/cosmiconfig/.cache.json
295 http fetch 200 https://registry.npmjs.org/serve-index/-/serve-index-1.9.1.tgz
296 http fetch 200 https://registry.npmjs.org/tmp/-/tmp-0.2.3.tgz
297 silly resolveWithNewModule cosmiconfig@9.0.0 checking installable status
298 silly cache add args [ 'cosmiconfig@^9.0.0', null ]
299 verbose cache add spec cosmiconfig@^9.0.0
300 silly cache add parsed spec Result {
300 silly cache add   raw: 'cosmiconfig@^9.0.0',
300 silly cache add   scope: null,
300 silly cache add   name: 'cosmiconfig',
300 silly cache add   rawSpec: '^9.0.0',
300 silly cache add   spec: '>=9.0.0 <10.0.0',
300 silly cache add   type: 'range' }
301 silly addNamed cosmiconfig@>=9.0.0 <10.0.0
302 verbose addNamed ">=9.0.0 <10.0.0" is a valid semver range for cosmiconfig
303 silly addNameRange { name: 'cosmiconfig', range: '>=9.0.0 <10.0.0', hasData: false }
304 silly mapToRegistry name cosmiconfig
305 silly mapToRegistry using default registry
306 silly mapToRegistry registry https://registry.npmjs.org/
307 silly mapToRegistry uri https://registry.npmjs.org/cosmiconfig
308 verbose addNameRange registry:https://registry.npmjs.org/cosmiconfig not in flight; fetching
309 silly fetchAndShaCheck shasum d3768d69b1e7d82e5ce050fff5b453bea12a9239
310 silly fetchAndShaCheck shasum eb783cc22bc1e8bebd0671476d46ea4eb32a79ae
311 verbose get https://registry.npmjs.org/cosmiconfig not expired, no request
312 silly addNameRange number 2 { name: 'cosmiconfig', range: '>=9.0.0 <10.0.0', hasData: true }
313 silly addNameRange versions [ 'cosmiconfig',
313 silly addNameRange   [ '0.1.0',
313 silly addNameRange     '0.2.0',
313 silly addNameRange     '0.3.0',
313 silly addNameRange     '0.4.0',
313 silly addNameRange     '0.4.1',
313 silly addNameRange     '0.5.0',
313 silly addNameRange     '1.0.0',
313 silly addNameRange     '1.0.1',
313 silly addNameRange     '1.0.2',
313 silly addNameRange     '1.1.0',
313 silly addNameRange     '2.0.0',
313 silly addNameRange     '2.0.1',
313 silly addNameRange     '2.0.2',
313 silly addNameRange     '2.1.0',
313 silly addNameRange     '2.1.1',
313 silly addNameRange     '2.1.2',
313 silly addNameRange     '2.1.3',
313 silly addNameRange     '2.2.0',
313 silly addNameRange     '2.2.1',
313 silly addNameRange     '2.2.2',
313 silly addNameRange     '3.0.0',
313 silly addNameRange     '3.0.1',
313 silly addNameRange     '3.1.0',
313 silly addNameRange     '4.0.0',
313 silly addNameRange     '5.0.1',
313 silly addNameRange     '5.0.2',
313 silly addNameRange     '5.0.3',
313 silly addNameRange     '5.0.4',
313 silly addNameRange     '5.0.5',
313 silly addNameRange     '5.0.6',
313 silly addNameRange     '5.0.7',
313 silly addNameRange     '5.1.0',
313 silly addNameRange     '5.2.0',
313 silly addNameRange     '5.2.1',
313 silly addNameRange     '6.0.0',
313 silly addNameRange     '7.0.0',
313 silly addNameRange     '7.0.1',
313 silly addNameRange     '7.1.0',
313 silly addNameRange     '8.0.0',
313 silly addNameRange     '8.1.0',
313 silly addNameRange     '8.1.1',
313 silly addNameRange     '8.1.2',
313 silly addNameRange     '8.1.3',
313 silly addNameRange     '8.2.0',
313 silly addNameRange     '8.3.0',
313 silly addNameRange     '8.3.1',
313 silly addNameRange     '8.3.2',
313 silly addNameRange     '8.3.3',
313 silly addNameRange     '8.3.4',
313 silly addNameRange     '8.3.5',
313 silly addNameRange     '8.3.6',
313 silly addNameRange     '9.0.0-alpha.0',
313 silly addNameRange     '9.0.0-alpha.1',
313 silly addNameRange     '9.0.0-alpha.2',
313 silly addNameRange     '9.0.0-alpha.3',
313 silly addNameRange     '9.0.0' ] ]
314 silly addNamed cosmiconfig@9.0.0
315 verbose addNamed "9.0.0" is a plain semver version for cosmiconfig
316 silly mapToRegistry name cosmiconfig
317 silly mapToRegistry using default registry
318 silly mapToRegistry registry https://registry.npmjs.org/
319 silly mapToRegistry uri https://registry.npmjs.org/cosmiconfig
320 verbose addRemoteTarball https://registry.npmjs.org/cosmiconfig/-/cosmiconfig-9.0.0.tgz not in flight; adding
321 verbose addRemoteTarball [ 'https://registry.npmjs.org/cosmiconfig/-/cosmiconfig-9.0.0.tgz',
321 verbose addRemoteTarball   '34c3fc58287b915f3ae905ab6dc3de258b55ad9d' ]
322 verbose addTmpTarball /tmp/npm-31976-0711dfdc/registry.npmjs.org/serve-index/-/serve-index-1.9.1.tgz not in flight; adding
323 verbose addTmpTarball already have metadata; skipping unpack for serve-index@1.9.1
324 verbose addTmpTarball /tmp/npm-31976-0711dfdc/registry.npmjs.org/tmp/-/tmp-0.2.3.tgz not in flight; adding
325 verbose addTmpTarball already have metadata; skipping unpack for tmp@0.2.3
326 info retry fetch attempt 1 at 下午9:18:10
327 info attempt registry request try #1 at 下午9:18:10
328 http fetch GET https://registry.npmjs.org/cosmiconfig/-/cosmiconfig-9.0.0.tgz
329 silly cache afterAdd tmp@0.2.3
330 verbose afterAdd /home/s1111032045/.npm/tmp/0.2.3/package/package.json not in flight; writing
331 silly cache afterAdd serve-index@1.9.1
332 verbose afterAdd /home/s1111032045/.npm/serve-index/1.9.1/package/package.json not in flight; writing
333 verbose afterAdd /home/s1111032045/.npm/tmp/0.2.3/package/package.json written
334 verbose afterAdd /home/s1111032045/.npm/serve-index/1.9.1/package/package.json written
335 http 200 https://registry.npmjs.org/yargs
336 verbose headers { date: 'Wed, 28 May 2025 12:40:52 GMT',
336 verbose headers   'content-type': 'application/json',
336 verbose headers   'transfer-encoding': 'chunked',
336 verbose headers   connection: 'keep-alive',
336 verbose headers   'cf-ray': '946dd2b18df18445-TPE',
336 verbose headers   'cf-cache-status': 'HIT',
336 verbose headers   'access-control-allow-origin': '*',
336 verbose headers   age: '135',
336 verbose headers   'cache-control': 'public, max-age=300',
336 verbose headers   etag: 'W/"1b83cdf22d8e04f50d0f62d8bd42cfdb"',
336 verbose headers   'last-modified': 'Tue, 27 May 2025 14:27:21 GMT',
336 verbose headers   vary: 'accept-encoding, accept',
336 verbose headers   'set-cookie':
336 verbose headers    [ '_cfuvid=JmLL41Zf.KPSs7JcdIs2yzMIF31tOk1lqe4_OWhJAnE-1748436052750-0.0.1.1-604800000; path=/; domain=.npmjs.org; HttpOnly; Secure; SameSite=None' ],
336 verbose headers   server: 'cloudflare',
336 verbose headers   'content-encoding': 'gzip' }
337 silly get cb [ 200,
337 silly get   { date: 'Wed, 28 May 2025 12:40:52 GMT',
337 silly get     'content-type': 'application/json',
337 silly get     'transfer-encoding': 'chunked',
337 silly get     connection: 'keep-alive',
337 silly get     'cf-ray': '946dd2b18df18445-TPE',
337 silly get     'cf-cache-status': 'HIT',
337 silly get     'access-control-allow-origin': '*',
337 silly get     age: '135',
337 silly get     'cache-control': 'public, max-age=300',
337 silly get     etag: 'W/"1b83cdf22d8e04f50d0f62d8bd42cfdb"',
337 silly get     'last-modified': 'Tue, 27 May 2025 14:27:21 GMT',
337 silly get     vary: 'accept-encoding, accept',
337 silly get     'set-cookie':
337 silly get      [ '_cfuvid=JmLL41Zf.KPSs7JcdIs2yzMIF31tOk1lqe4_OWhJAnE-1748436052750-0.0.1.1-604800000; path=/; domain=.npmjs.org; HttpOnly; Secure; SameSite=None' ],
337 silly get     server: 'cloudflare',
337 silly get     'content-encoding': 'gzip' } ]
338 verbose get saving yargs to /home/s1111032045/.npm/registry.npmjs.org/yargs/.cache.json
339 http fetch 200 https://registry.npmjs.org/chokidar/-/chokidar-4.0.3.tgz
340 http fetch 200 https://registry.npmjs.org/cosmiconfig/-/cosmiconfig-9.0.0.tgz
341 silly fetchAndShaCheck shasum 7be37a4c03c9aee1ecfe862a4a23b2c70c205d30
342 verbose addTmpTarball /tmp/npm-31976-0711dfdc/registry.npmjs.org/chokidar/-/chokidar-4.0.3.tgz not in flight; adding
343 verbose addTmpTarball already have metadata; skipping unpack for chokidar@4.0.3
344 silly fetchAndShaCheck shasum 34c3fc58287b915f3ae905ab6dc3de258b55ad9d
345 verbose stack Error: Missing required argument #1
345 verbose stack     at andLogAndFinish (/usr/share/npm/lib/fetch-package-metadata.js:31:3)
345 verbose stack     at fetchPackageMetadata (/usr/share/npm/lib/fetch-package-metadata.js:51:22)
345 verbose stack     at resolveWithNewModule (/usr/share/npm/lib/install/deps.js:456:12)
345 verbose stack     at /usr/share/npm/lib/install/deps.js:457:7
345 verbose stack     at /usr/share/npm/node_modules/iferr/index.js:13:50
345 verbose stack     at /usr/share/npm/lib/fetch-package-metadata.js:37:12
345 verbose stack     at addRequestedAndFinish (/usr/share/npm/lib/fetch-package-metadata.js:82:5)
345 verbose stack     at returnAndAddMetadata (/usr/share/npm/lib/fetch-package-metadata.js:117:7)
345 verbose stack     at pickVersionFromRegistryDocument (/usr/share/npm/lib/fetch-package-metadata.js:134:20)
345 verbose stack     at /usr/share/npm/node_modules/iferr/index.js:13:50
346 verbose cwd /home/s1111032045/dev/deer-flow
347 error Linux 5.4.0-150-generic
348 error argv "/usr/bin/node" "/usr/bin/npm" "i" "@marp-team/marp-cli" "@marp-team/marp-core@^4.0.0" "--save-dev"
349 error node v8.10.0
350 error npm  v3.5.2
351 error code EMISSINGARG
352 error typeerror Error: Missing required argument #1
352 error typeerror     at andLogAndFinish (/usr/share/npm/lib/fetch-package-metadata.js:31:3)
352 error typeerror     at fetchPackageMetadata (/usr/share/npm/lib/fetch-package-metadata.js:51:22)
352 error typeerror     at resolveWithNewModule (/usr/share/npm/lib/install/deps.js:456:12)
352 error typeerror     at /usr/share/npm/lib/install/deps.js:457:7
352 error typeerror     at /usr/share/npm/node_modules/iferr/index.js:13:50
352 error typeerror     at /usr/share/npm/lib/fetch-package-metadata.js:37:12
352 error typeerror     at addRequestedAndFinish (/usr/share/npm/lib/fetch-package-metadata.js:82:5)
352 error typeerror     at returnAndAddMetadata (/usr/share/npm/lib/fetch-package-metadata.js:117:7)
352 error typeerror     at pickVersionFromRegistryDocument (/usr/share/npm/lib/fetch-package-metadata.js:134:20)
352 error typeerror     at /usr/share/npm/node_modules/iferr/index.js:13:50
353 error typeerror This is an error with npm itself. Please report this error at:
353 error typeerror     <http://github.com/npm/npm/issues>
354 verbose exit [ 1, true ]
